Copyright 1986-2019 Xilinx, Inc. All Rights Reserved.
-----------------------------------------------------------------------------------------------------------------------------------------------------------------------------------------
| Tool Version : Vivado v.2019.2 (win64) Build 2708876 Wed Nov  6 21:40:23 MST 2019
| Date         : Wed May 19 12:06:23 2021
| Host         : DESKTOP-K5K9BAE running 64-bit major release  (build 9200)
| Command      : report_methodology -file CalculatorProject_methodology_drc_routed.rpt -pb CalculatorProject_methodology_drc_routed.pb -rpx CalculatorProject_methodology_drc_routed.rpx
| Design       : CalculatorProject
| Device       : xc7a100tcsg324-3
| Speed File   : -3
| Design State : Fully Routed
-----------------------------------------------------------------------------------------------------------------------------------------------------------------------------------------

Report Methodology

Table of Contents
-----------------
1. REPORT SUMMARY
2. REPORT DETAILS

1. REPORT SUMMARY
-----------------
            Netlist: netlist
          Floorplan: design_1
      Design limits: <entire design considered>
             Max violations: <unlimited>
             Violations found: 113
+-----------+------------------+------------------------------+------------+
| Rule      | Severity         | Description                  | Violations |
+-----------+------------------+------------------------------+------------+
| TIMING-17 | Critical Warning | Non-clocked sequential cell  | 80         |
| LUTAR-1   | Warning          | LUT drives async reset alert | 1          |
| TIMING-20 | Warning          | Non-clocked latch            | 32         |
+-----------+------------------+------------------------------+------------+

2. REPORT DETAILS
-----------------
TIMING-17#1 Critical Warning
Non-clocked sequential cell  
The clock pin ALU_ACCUMULATOR/DataOut_reg[0]/C is not reached by a timing clock
Related violations: <none>

TIMING-17#2 Critical Warning
Non-clocked sequential cell  
The clock pin ALU_ACCUMULATOR/DataOut_reg[10]/C is not reached by a timing clock
Related violations: <none>

TIMING-17#3 Critical Warning
Non-clocked sequential cell  
The clock pin ALU_ACCUMULATOR/DataOut_reg[11]/C is not reached by a timing clock
Related violations: <none>

TIMING-17#4 Critical Warning
Non-clocked sequential cell  
The clock pin ALU_ACCUMULATOR/DataOut_reg[12]/C is not reached by a timing clock
Related violations: <none>

TIMING-17#5 Critical Warning
Non-clocked sequential cell  
The clock pin ALU_ACCUMULATOR/DataOut_reg[13]/C is not reached by a timing clock
Related violations: <none>

TIMING-17#6 Critical Warning
Non-clocked sequential cell  
The clock pin ALU_ACCUMULATOR/DataOut_reg[14]/C is not reached by a timing clock
Related violations: <none>

TIMING-17#7 Critical Warning
Non-clocked sequential cell  
The clock pin ALU_ACCUMULATOR/DataOut_reg[15]/C is not reached by a timing clock
Related violations: <none>

TIMING-17#8 Critical Warning
Non-clocked sequential cell  
The clock pin ALU_ACCUMULATOR/DataOut_reg[16]/C is not reached by a timing clock
Related violations: <none>

TIMING-17#9 Critical Warning
Non-clocked sequential cell  
The clock pin ALU_ACCUMULATOR/DataOut_reg[17]/C is not reached by a timing clock
Related violations: <none>

TIMING-17#10 Critical Warning
Non-clocked sequential cell  
The clock pin ALU_ACCUMULATOR/DataOut_reg[18]/C is not reached by a timing clock
Related violations: <none>

TIMING-17#11 Critical Warning
Non-clocked sequential cell  
The clock pin ALU_ACCUMULATOR/DataOut_reg[19]/C is not reached by a timing clock
Related violations: <none>

TIMING-17#12 Critical Warning
Non-clocked sequential cell  
The clock pin ALU_ACCUMULATOR/DataOut_reg[1]/C is not reached by a timing clock
Related violations: <none>

TIMING-17#13 Critical Warning
Non-clocked sequential cell  
The clock pin ALU_ACCUMULATOR/DataOut_reg[20]/C is not reached by a timing clock
Related violations: <none>

TIMING-17#14 Critical Warning
Non-clocked sequential cell  
The clock pin ALU_ACCUMULATOR/DataOut_reg[21]/C is not reached by a timing clock
Related violations: <none>

TIMING-17#15 Critical Warning
Non-clocked sequential cell  
The clock pin ALU_ACCUMULATOR/DataOut_reg[22]/C is not reached by a timing clock
Related violations: <none>

TIMING-17#16 Critical Warning
Non-clocked sequential cell  
The clock pin ALU_ACCUMULATOR/DataOut_reg[23]/C is not reached by a timing clock
Related violations: <none>

TIMING-17#17 Critical Warning
Non-clocked sequential cell  
The clock pin ALU_ACCUMULATOR/DataOut_reg[2]/C is not reached by a timing clock
Related violations: <none>

TIMING-17#18 Critical Warning
Non-clocked sequential cell  
The clock pin ALU_ACCUMULATOR/DataOut_reg[3]/C is not reached by a timing clock
Related violations: <none>

TIMING-17#19 Critical Warning
Non-clocked sequential cell  
The clock pin ALU_ACCUMULATOR/DataOut_reg[4]/C is not reached by a timing clock
Related violations: <none>

TIMING-17#20 Critical Warning
Non-clocked sequential cell  
The clock pin ALU_ACCUMULATOR/DataOut_reg[5]/C is not reached by a timing clock
Related violations: <none>

TIMING-17#21 Critical Warning
Non-clocked sequential cell  
The clock pin ALU_ACCUMULATOR/DataOut_reg[6]/C is not reached by a timing clock
Related violations: <none>

TIMING-17#22 Critical Warning
Non-clocked sequential cell  
The clock pin ALU_ACCUMULATOR/DataOut_reg[7]/C is not reached by a timing clock
Related violations: <none>

TIMING-17#23 Critical Warning
Non-clocked sequential cell  
The clock pin ALU_ACCUMULATOR/DataOut_reg[8]/C is not reached by a timing clock
Related violations: <none>

TIMING-17#24 Critical Warning
Non-clocked sequential cell  
The clock pin ALU_ACCUMULATOR/DataOut_reg[9]/C is not reached by a timing clock
Related violations: <none>

TIMING-17#25 Critical Warning
Non-clocked sequential cell  
The clock pin ALU_OUTPUT_READ/DataOut_reg[0]/C is not reached by a timing clock
Related violations: <none>

TIMING-17#26 Critical Warning
Non-clocked sequential cell  
The clock pin ALU_OUTPUT_READ/DataOut_reg[10]/C is not reached by a timing clock
Related violations: <none>

TIMING-17#27 Critical Warning
Non-clocked sequential cell  
The clock pin ALU_OUTPUT_READ/DataOut_reg[11]/C is not reached by a timing clock
Related violations: <none>

TIMING-17#28 Critical Warning
Non-clocked sequential cell  
The clock pin ALU_OUTPUT_READ/DataOut_reg[12]/C is not reached by a timing clock
Related violations: <none>

TIMING-17#29 Critical Warning
Non-clocked sequential cell  
The clock pin ALU_OUTPUT_READ/DataOut_reg[13]/C is not reached by a timing clock
Related violations: <none>

TIMING-17#30 Critical Warning
Non-clocked sequential cell  
The clock pin ALU_OUTPUT_READ/DataOut_reg[14]/C is not reached by a timing clock
Related violations: <none>

TIMING-17#31 Critical Warning
Non-clocked sequential cell  
The clock pin ALU_OUTPUT_READ/DataOut_reg[15]/C is not reached by a timing clock
Related violations: <none>

TIMING-17#32 Critical Warning
Non-clocked sequential cell  
The clock pin ALU_OUTPUT_READ/DataOut_reg[16]/C is not reached by a timing clock
Related violations: <none>

TIMING-17#33 Critical Warning
Non-clocked sequential cell  
The clock pin ALU_OUTPUT_READ/DataOut_reg[17]/C is not reached by a timing clock
Related violations: <none>

TIMING-17#34 Critical Warning
Non-clocked sequential cell  
The clock pin ALU_OUTPUT_READ/DataOut_reg[18]/C is not reached by a timing clock
Related violations: <none>

TIMING-17#35 Critical Warning
Non-clocked sequential cell  
The clock pin ALU_OUTPUT_READ/DataOut_reg[19]/C is not reached by a timing clock
Related violations: <none>

TIMING-17#36 Critical Warning
Non-clocked sequential cell  
The clock pin ALU_OUTPUT_READ/DataOut_reg[1]/C is not reached by a timing clock
Related violations: <none>

TIMING-17#37 Critical Warning
Non-clocked sequential cell  
The clock pin ALU_OUTPUT_READ/DataOut_reg[20]/C is not reached by a timing clock
Related violations: <none>

TIMING-17#38 Critical Warning
Non-clocked sequential cell  
The clock pin ALU_OUTPUT_READ/DataOut_reg[21]/C is not reached by a timing clock
Related violations: <none>

TIMING-17#39 Critical Warning
Non-clocked sequential cell  
The clock pin ALU_OUTPUT_READ/DataOut_reg[22]/C is not reached by a timing clock
Related violations: <none>

TIMING-17#40 Critical Warning
Non-clocked sequential cell  
The clock pin ALU_OUTPUT_READ/DataOut_reg[23]/C is not reached by a timing clock
Related violations: <none>

TIMING-17#41 Critical Warning
Non-clocked sequential cell  
The clock pin ALU_OUTPUT_READ/DataOut_reg[24]/C is not reached by a timing clock
Related violations: <none>

TIMING-17#42 Critical Warning
Non-clocked sequential cell  
The clock pin ALU_OUTPUT_READ/DataOut_reg[25]/C is not reached by a timing clock
Related violations: <none>

TIMING-17#43 Critical Warning
Non-clocked sequential cell  
The clock pin ALU_OUTPUT_READ/DataOut_reg[26]/C is not reached by a timing clock
Related violations: <none>

TIMING-17#44 Critical Warning
Non-clocked sequential cell  
The clock pin ALU_OUTPUT_READ/DataOut_reg[27]/C is not reached by a timing clock
Related violations: <none>

TIMING-17#45 Critical Warning
Non-clocked sequential cell  
The clock pin ALU_OUTPUT_READ/DataOut_reg[2]/C is not reached by a timing clock
Related violations: <none>

TIMING-17#46 Critical Warning
Non-clocked sequential cell  
The clock pin ALU_OUTPUT_READ/DataOut_reg[3]/C is not reached by a timing clock
Related violations: <none>

TIMING-17#47 Critical Warning
Non-clocked sequential cell  
The clock pin ALU_OUTPUT_READ/DataOut_reg[4]/C is not reached by a timing clock
Related violations: <none>

TIMING-17#48 Critical Warning
Non-clocked sequential cell  
The clock pin ALU_OUTPUT_READ/DataOut_reg[5]/C is not reached by a timing clock
Related violations: <none>

TIMING-17#49 Critical Warning
Non-clocked sequential cell  
The clock pin ALU_OUTPUT_READ/DataOut_reg[6]/C is not reached by a timing clock
Related violations: <none>

TIMING-17#50 Critical Warning
Non-clocked sequential cell  
The clock pin ALU_OUTPUT_READ/DataOut_reg[7]/C is not reached by a timing clock
Related violations: <none>

TIMING-17#51 Critical Warning
Non-clocked sequential cell  
The clock pin ALU_OUTPUT_READ/DataOut_reg[8]/C is not reached by a timing clock
Related violations: <none>

TIMING-17#52 Critical Warning
Non-clocked sequential cell  
The clock pin ALU_OUTPUT_READ/DataOut_reg[9]/C is not reached by a timing clock
Related violations: <none>

TIMING-17#53 Critical Warning
Non-clocked sequential cell  
The clock pin SHIFT_SEGMENT_DISPLAYED/SegSelectTemp_reg[0]/C is not reached by a timing clock
Related violations: <none>

TIMING-17#54 Critical Warning
Non-clocked sequential cell  
The clock pin SHIFT_SEGMENT_DISPLAYED/SegSelectTemp_reg[0]_lopt_replica/C is not reached by a timing clock
Related violations: <none>

TIMING-17#55 Critical Warning
Non-clocked sequential cell  
The clock pin SHIFT_SEGMENT_DISPLAYED/SegSelectTemp_reg[1]/C is not reached by a timing clock
Related violations: <none>

TIMING-17#56 Critical Warning
Non-clocked sequential cell  
The clock pin SHIFT_SEGMENT_DISPLAYED/SegSelectTemp_reg[1]_lopt_replica/C is not reached by a timing clock
Related violations: <none>

TIMING-17#57 Critical Warning
Non-clocked sequential cell  
The clock pin SHIFT_SEGMENT_DISPLAYED/SegSelectTemp_reg[2]/C is not reached by a timing clock
Related violations: <none>

TIMING-17#58 Critical Warning
Non-clocked sequential cell  
The clock pin SHIFT_SEGMENT_DISPLAYED/SegSelectTemp_reg[2]_lopt_replica/C is not reached by a timing clock
Related violations: <none>

TIMING-17#59 Critical Warning
Non-clocked sequential cell  
The clock pin SHIFT_SEGMENT_DISPLAYED/SegSelectTemp_reg[3]/C is not reached by a timing clock
Related violations: <none>

TIMING-17#60 Critical Warning
Non-clocked sequential cell  
The clock pin SHIFT_SEGMENT_DISPLAYED/SegSelectTemp_reg[3]_lopt_replica/C is not reached by a timing clock
Related violations: <none>

TIMING-17#61 Critical Warning
Non-clocked sequential cell  
The clock pin SHIFT_SEGMENT_DISPLAYED/SegSelectTemp_reg[4]/C is not reached by a timing clock
Related violations: <none>

TIMING-17#62 Critical Warning
Non-clocked sequential cell  
The clock pin SHIFT_SEGMENT_DISPLAYED/SegSelectTemp_reg[4]_lopt_replica/C is not reached by a timing clock
Related violations: <none>

TIMING-17#63 Critical Warning
Non-clocked sequential cell  
The clock pin SHIFT_SEGMENT_DISPLAYED/SegSelectTemp_reg[5]/C is not reached by a timing clock
Related violations: <none>

TIMING-17#64 Critical Warning
Non-clocked sequential cell  
The clock pin SHIFT_SEGMENT_DISPLAYED/SegSelectTemp_reg[5]_lopt_replica/C is not reached by a timing clock
Related violations: <none>

TIMING-17#65 Critical Warning
Non-clocked sequential cell  
The clock pin SHIFT_SEGMENT_DISPLAYED/SegSelectTemp_reg[6]/C is not reached by a timing clock
Related violations: <none>

TIMING-17#66 Critical Warning
Non-clocked sequential cell  
The clock pin SHIFT_SEGMENT_DISPLAYED/SegSelectTemp_reg[6]_lopt_replica/C is not reached by a timing clock
Related violations: <none>

TIMING-17#67 Critical Warning
Non-clocked sequential cell  
The clock pin SHIFT_SEGMENT_DISPLAYED/SegSelectTemp_reg[7]/C is not reached by a timing clock
Related violations: <none>

TIMING-17#68 Critical Warning
Non-clocked sequential cell  
The clock pin SHIFT_SEGMENT_DISPLAYED/SegSelectTemp_reg[7]_lopt_replica/C is not reached by a timing clock
Related violations: <none>

TIMING-17#69 Critical Warning
Non-clocked sequential cell  
The clock pin STATE_MACHINE/ALUAccumulatorRead_reg/C is not reached by a timing clock
Related violations: <none>

TIMING-17#70 Critical Warning
Non-clocked sequential cell  
The clock pin STATE_MACHINE/ALUOutputRead_reg/C is not reached by a timing clock
Related violations: <none>

TIMING-17#71 Critical Warning
Non-clocked sequential cell  
The clock pin STATE_MACHINE/ALUOutputWrite_reg/C is not reached by a timing clock
Related violations: <none>

TIMING-17#72 Critical Warning
Non-clocked sequential cell  
The clock pin STATE_MACHINE/StateOut_reg[0]/C is not reached by a timing clock
Related violations: <none>

TIMING-17#73 Critical Warning
Non-clocked sequential cell  
The clock pin STATE_MACHINE/StateOut_reg[1]/C is not reached by a timing clock
Related violations: <none>

TIMING-17#74 Critical Warning
Non-clocked sequential cell  
The clock pin STATE_MACHINE/StateOut_reg[2]/C is not reached by a timing clock
Related violations: <none>

TIMING-17#75 Critical Warning
Non-clocked sequential cell  
The clock pin STATE_MACHINE/StateOut_reg[3]/C is not reached by a timing clock
Related violations: <none>

TIMING-17#76 Critical Warning
Non-clocked sequential cell  
The clock pin STATE_MACHINE/State_reg[0]/C is not reached by a timing clock
Related violations: <none>

TIMING-17#77 Critical Warning
Non-clocked sequential cell  
The clock pin STATE_MACHINE/State_reg[1]/C is not reached by a timing clock
Related violations: <none>

TIMING-17#78 Critical Warning
Non-clocked sequential cell  
The clock pin STATE_MACHINE/State_reg[2]/C is not reached by a timing clock
Related violations: <none>

TIMING-17#79 Critical Warning
Non-clocked sequential cell  
The clock pin STATE_MACHINE/State_reg[3]/C is not reached by a timing clock
Related violations: <none>

TIMING-17#80 Critical Warning
Non-clocked sequential cell  
The clock pin STATE_MACHINE/SwitchWrite_reg/C is not reached by a timing clock
Related violations: <none>

LUTAR-1#1 Warning
LUT drives async reset alert  
LUT cell STATE_MACHINE/Error_reg_i_1, with 2 or more inputs, drives asynchronous preset/clear pin(s) ALU/Error_reg/PRE. The LUT may glitch and trigger an unexpected reset, even if it is a properly timed path.
Related violations: <none>

TIMING-20#1 Warning
Non-clocked latch  
The latch PROCESS_BUS_DATA/SEND_BCD_FINAL/BCDfinal_reg[0] cannot be properly analyzed as its control pin PROCESS_BUS_DATA/SEND_BCD_FINAL/BCDfinal_reg[0]/G is not reached by a timing clock
Related violations: <none>

TIMING-20#2 Warning
Non-clocked latch  
The latch PROCESS_BUS_DATA/SEND_BCD_FINAL/BCDfinal_reg[10] cannot be properly analyzed as its control pin PROCESS_BUS_DATA/SEND_BCD_FINAL/BCDfinal_reg[10]/G is not reached by a timing clock
Related violations: <none>

TIMING-20#3 Warning
Non-clocked latch  
The latch PROCESS_BUS_DATA/SEND_BCD_FINAL/BCDfinal_reg[11] cannot be properly analyzed as its control pin PROCESS_BUS_DATA/SEND_BCD_FINAL/BCDfinal_reg[11]/G is not reached by a timing clock
Related violations: <none>

TIMING-20#4 Warning
Non-clocked latch  
The latch PROCESS_BUS_DATA/SEND_BCD_FINAL/BCDfinal_reg[12] cannot be properly analyzed as its control pin PROCESS_BUS_DATA/SEND_BCD_FINAL/BCDfinal_reg[12]/G is not reached by a timing clock
Related violations: <none>

TIMING-20#5 Warning
Non-clocked latch  
The latch PROCESS_BUS_DATA/SEND_BCD_FINAL/BCDfinal_reg[13] cannot be properly analyzed as its control pin PROCESS_BUS_DATA/SEND_BCD_FINAL/BCDfinal_reg[13]/G is not reached by a timing clock
Related violations: <none>

TIMING-20#6 Warning
Non-clocked latch  
The latch PROCESS_BUS_DATA/SEND_BCD_FINAL/BCDfinal_reg[14] cannot be properly analyzed as its control pin PROCESS_BUS_DATA/SEND_BCD_FINAL/BCDfinal_reg[14]/G is not reached by a timing clock
Related violations: <none>

TIMING-20#7 Warning
Non-clocked latch  
The latch PROCESS_BUS_DATA/SEND_BCD_FINAL/BCDfinal_reg[15] cannot be properly analyzed as its control pin PROCESS_BUS_DATA/SEND_BCD_FINAL/BCDfinal_reg[15]/G is not reached by a timing clock
Related violations: <none>

TIMING-20#8 Warning
Non-clocked latch  
The latch PROCESS_BUS_DATA/SEND_BCD_FINAL/BCDfinal_reg[16] cannot be properly analyzed as its control pin PROCESS_BUS_DATA/SEND_BCD_FINAL/BCDfinal_reg[16]/G is not reached by a timing clock
Related violations: <none>

TIMING-20#9 Warning
Non-clocked latch  
The latch PROCESS_BUS_DATA/SEND_BCD_FINAL/BCDfinal_reg[17] cannot be properly analyzed as its control pin PROCESS_BUS_DATA/SEND_BCD_FINAL/BCDfinal_reg[17]/G is not reached by a timing clock
Related violations: <none>

TIMING-20#10 Warning
Non-clocked latch  
The latch PROCESS_BUS_DATA/SEND_BCD_FINAL/BCDfinal_reg[18] cannot be properly analyzed as its control pin PROCESS_BUS_DATA/SEND_BCD_FINAL/BCDfinal_reg[18]/G is not reached by a timing clock
Related violations: <none>

TIMING-20#11 Warning
Non-clocked latch  
The latch PROCESS_BUS_DATA/SEND_BCD_FINAL/BCDfinal_reg[19] cannot be properly analyzed as its control pin PROCESS_BUS_DATA/SEND_BCD_FINAL/BCDfinal_reg[19]/G is not reached by a timing clock
Related violations: <none>

TIMING-20#12 Warning
Non-clocked latch  
The latch PROCESS_BUS_DATA/SEND_BCD_FINAL/BCDfinal_reg[1] cannot be properly analyzed as its control pin PROCESS_BUS_DATA/SEND_BCD_FINAL/BCDfinal_reg[1]/G is not reached by a timing clock
Related violations: <none>

TIMING-20#13 Warning
Non-clocked latch  
The latch PROCESS_BUS_DATA/SEND_BCD_FINAL/BCDfinal_reg[20] cannot be properly analyzed as its control pin PROCESS_BUS_DATA/SEND_BCD_FINAL/BCDfinal_reg[20]/G is not reached by a timing clock
Related violations: <none>

TIMING-20#14 Warning
Non-clocked latch  
The latch PROCESS_BUS_DATA/SEND_BCD_FINAL/BCDfinal_reg[21] cannot be properly analyzed as its control pin PROCESS_BUS_DATA/SEND_BCD_FINAL/BCDfinal_reg[21]/G is not reached by a timing clock
Related violations: <none>

TIMING-20#15 Warning
Non-clocked latch  
The latch PROCESS_BUS_DATA/SEND_BCD_FINAL/BCDfinal_reg[22] cannot be properly analyzed as its control pin PROCESS_BUS_DATA/SEND_BCD_FINAL/BCDfinal_reg[22]/G is not reached by a timing clock
Related violations: <none>

TIMING-20#16 Warning
Non-clocked latch  
The latch PROCESS_BUS_DATA/SEND_BCD_FINAL/BCDfinal_reg[23] cannot be properly analyzed as its control pin PROCESS_BUS_DATA/SEND_BCD_FINAL/BCDfinal_reg[23]/G is not reached by a timing clock
Related violations: <none>

TIMING-20#17 Warning
Non-clocked latch  
The latch PROCESS_BUS_DATA/SEND_BCD_FINAL/BCDfinal_reg[24] cannot be properly analyzed as its control pin PROCESS_BUS_DATA/SEND_BCD_FINAL/BCDfinal_reg[24]/G is not reached by a timing clock
Related violations: <none>

TIMING-20#18 Warning
Non-clocked latch  
The latch PROCESS_BUS_DATA/SEND_BCD_FINAL/BCDfinal_reg[25] cannot be properly analyzed as its control pin PROCESS_BUS_DATA/SEND_BCD_FINAL/BCDfinal_reg[25]/G is not reached by a timing clock
Related violations: <none>

TIMING-20#19 Warning
Non-clocked latch  
The latch PROCESS_BUS_DATA/SEND_BCD_FINAL/BCDfinal_reg[26] cannot be properly analyzed as its control pin PROCESS_BUS_DATA/SEND_BCD_FINAL/BCDfinal_reg[26]/G is not reached by a timing clock
Related violations: <none>

TIMING-20#20 Warning
Non-clocked latch  
The latch PROCESS_BUS_DATA/SEND_BCD_FINAL/BCDfinal_reg[27] cannot be properly analyzed as its control pin PROCESS_BUS_DATA/SEND_BCD_FINAL/BCDfinal_reg[27]/G is not reached by a timing clock
Related violations: <none>

TIMING-20#21 Warning
Non-clocked latch  
The latch PROCESS_BUS_DATA/SEND_BCD_FINAL/BCDfinal_reg[28] cannot be properly analyzed as its control pin PROCESS_BUS_DATA/SEND_BCD_FINAL/BCDfinal_reg[28]/G is not reached by a timing clock
Related violations: <none>

TIMING-20#22 Warning
Non-clocked latch  
The latch PROCESS_BUS_DATA/SEND_BCD_FINAL/BCDfinal_reg[29] cannot be properly analyzed as its control pin PROCESS_BUS_DATA/SEND_BCD_FINAL/BCDfinal_reg[29]/G is not reached by a timing clock
Related violations: <none>

TIMING-20#23 Warning
Non-clocked latch  
The latch PROCESS_BUS_DATA/SEND_BCD_FINAL/BCDfinal_reg[2] cannot be properly analyzed as its control pin PROCESS_BUS_DATA/SEND_BCD_FINAL/BCDfinal_reg[2]/G is not reached by a timing clock
Related violations: <none>

TIMING-20#24 Warning
Non-clocked latch  
The latch PROCESS_BUS_DATA/SEND_BCD_FINAL/BCDfinal_reg[30] cannot be properly analyzed as its control pin PROCESS_BUS_DATA/SEND_BCD_FINAL/BCDfinal_reg[30]/G is not reached by a timing clock
Related violations: <none>

TIMING-20#25 Warning
Non-clocked latch  
The latch PROCESS_BUS_DATA/SEND_BCD_FINAL/BCDfinal_reg[31] cannot be properly analyzed as its control pin PROCESS_BUS_DATA/SEND_BCD_FINAL/BCDfinal_reg[31]/G is not reached by a timing clock
Related violations: <none>

TIMING-20#26 Warning
Non-clocked latch  
The latch PROCESS_BUS_DATA/SEND_BCD_FINAL/BCDfinal_reg[3] cannot be properly analyzed as its control pin PROCESS_BUS_DATA/SEND_BCD_FINAL/BCDfinal_reg[3]/G is not reached by a timing clock
Related violations: <none>

TIMING-20#27 Warning
Non-clocked latch  
The latch PROCESS_BUS_DATA/SEND_BCD_FINAL/BCDfinal_reg[4] cannot be properly analyzed as its control pin PROCESS_BUS_DATA/SEND_BCD_FINAL/BCDfinal_reg[4]/G is not reached by a timing clock
Related violations: <none>

TIMING-20#28 Warning
Non-clocked latch  
The latch PROCESS_BUS_DATA/SEND_BCD_FINAL/BCDfinal_reg[5] cannot be properly analyzed as its control pin PROCESS_BUS_DATA/SEND_BCD_FINAL/BCDfinal_reg[5]/G is not reached by a timing clock
Related violations: <none>

TIMING-20#29 Warning
Non-clocked latch  
The latch PROCESS_BUS_DATA/SEND_BCD_FINAL/BCDfinal_reg[6] cannot be properly analyzed as its control pin PROCESS_BUS_DATA/SEND_BCD_FINAL/BCDfinal_reg[6]/G is not reached by a timing clock
Related violations: <none>

TIMING-20#30 Warning
Non-clocked latch  
The latch PROCESS_BUS_DATA/SEND_BCD_FINAL/BCDfinal_reg[7] cannot be properly analyzed as its control pin PROCESS_BUS_DATA/SEND_BCD_FINAL/BCDfinal_reg[7]/G is not reached by a timing clock
Related violations: <none>

TIMING-20#31 Warning
Non-clocked latch  
The latch PROCESS_BUS_DATA/SEND_BCD_FINAL/BCDfinal_reg[8] cannot be properly analyzed as its control pin PROCESS_BUS_DATA/SEND_BCD_FINAL/BCDfinal_reg[8]/G is not reached by a timing clock
Related violations: <none>

TIMING-20#32 Warning
Non-clocked latch  
The latch PROCESS_BUS_DATA/SEND_BCD_FINAL/BCDfinal_reg[9] cannot be properly analyzed as its control pin PROCESS_BUS_DATA/SEND_BCD_FINAL/BCDfinal_reg[9]/G is not reached by a timing clock
Related violations: <none>


