#-----------------------------------------------------------
# Vivado v2019.2 (64-bit)
# SW Build 2708876 on Wed Nov  6 21:40:23 MST 2019
# IP Build 2700528 on Thu Nov  7 00:09:20 MST 2019
# Start of session at: Tue May 18 23:10:04 2021
# Process ID: 5948
# Current directory: C:/Users/ADAM/Desktop/ENEL373 Digital Electronics and Devices/CalculatorProject/CalculatorProject
# Command line: vivado.exe -gui_launcher_event rodinguilauncherevent18228 C:\Users\ADAM\Desktop\ENEL373 Digital Electronics and Devices\CalculatorProject\CalculatorProject\CalculatorProject.xpr
# Log file: C:/Users/ADAM/Desktop/ENEL373 Digital Electronics and Devices/CalculatorProject/CalculatorProject/vivado.log
# Journal file: C:/Users/ADAM/Desktop/ENEL373 Digital Electronics and Devices/CalculatorProject/CalculatorProject\vivado.jou
#-----------------------------------------------------------
start_gui
open_project {C:/Users/ADAM/Desktop/ENEL373 Digital Electronics and Devices/CalculatorProject/CalculatorProject/CalculatorProject.xpr}
update_compile_order -fileset sources_1
update_compile_order -fileset sources_1
update_compile_order -fileset sources_1
close [ open {C:/Users/ADAM/Desktop/ENEL373 Digital Electronics and Devices/CalculatorProject/CalculatorProject/CalculatorProject.srcs/sources_1/new/ButtonDebounce.vhd} w ]
add_files {{C:/Users/ADAM/Desktop/ENEL373 Digital Electronics and Devices/CalculatorProject/CalculatorProject/CalculatorProject.srcs/sources_1/new/ButtonDebounce.vhd}}
update_compile_order -fileset sources_1
update_compile_order -fileset sources_1
update_compile_order -fileset sources_1
reset_run synth_1
launch_runs synth_1 -jobs 4
wait_on_run synth_1
reset_run synth_1
launch_runs synth_1 -jobs 4
wait_on_run synth_1
reset_run synth_1
launch_runs synth_1 -jobs 4
wait_on_run synth_1
launch_runs impl_1 -jobs 4
wait_on_run impl_1
reset_run impl_1
launch_runs impl_1 -jobs 4
wait_on_run impl_1
reset_run synth_1
launch_runs synth_1 -jobs 4
wait_on_run synth_1
reset_run synth_1
launch_runs synth_1 -jobs 4
wait_on_run synth_1
launch_runs impl_1 -jobs 4
wait_on_run impl_1
launch_runs impl_1 -to_step write_bitstream -jobs 4
wait_on_run impl_1
reset_run synth_1
launch_runs impl_1 -to_step write_bitstream -jobs 4
wait_on_run impl_1
reset_run synth_1
launch_runs impl_1 -to_step write_bitstream -jobs 4
wait_on_run impl_1
reset_run synth_1
launch_runs impl_1 -to_step write_bitstream -jobs 4
wait_on_run impl_1
reset_run synth_1
launch_runs impl_1 -to_step write_bitstream -jobs 4
wait_on_run impl_1
reset_run synth_1
launch_runs impl_1 -to_step write_bitstream -jobs 4
wait_on_run impl_1
reset_run synth_1
launch_runs impl_1 -to_step write_bitstream -jobs 4
wait_on_run impl_1
reset_run synth_1
launch_runs impl_1 -jobs 4
wait_on_run impl_1
launch_runs impl_1 -to_step write_bitstream -jobs 4
wait_on_run impl_1
close [ open {C:/Users/ADAM/Desktop/ENEL373 Digital Electronics and Devices/CalculatorProject/CalculatorProject/CalculatorProject.srcs/sources_1/new/SwitchFormat.vhd} w ]
add_files {{C:/Users/ADAM/Desktop/ENEL373 Digital Electronics and Devices/CalculatorProject/CalculatorProject/CalculatorProject.srcs/sources_1/new/SwitchFormat.vhd}}
update_compile_order -fileset sources_1
update_compile_order -fileset sources_1
close [ open {C:/Users/ADAM/Desktop/ENEL373 Digital Electronics and Devices/CalculatorProject/CalculatorProject/CalculatorProject.srcs/sources_1/new/28bitTristateBuffer.vhd} w ]
add_files {{C:/Users/ADAM/Desktop/ENEL373 Digital Electronics and Devices/CalculatorProject/CalculatorProject/CalculatorProject.srcs/sources_1/new/28bitTristateBuffer.vhd}}
update_compile_order -fileset sources_1
export_ip_user_files -of_objects  [get_files {{C:/Users/ADAM/Desktop/ENEL373 Digital Electronics and Devices/CalculatorProject/CalculatorProject/CalculatorProject.srcs/sources_1/new/28bitTristateBuffer.vhd}}] -no_script -reset -force -quiet
remove_files  {{C:/Users/ADAM/Desktop/ENEL373 Digital Electronics and Devices/CalculatorProject/CalculatorProject/CalculatorProject.srcs/sources_1/new/28bitTristateBuffer.vhd}}
close [ open {C:/Users/ADAM/Desktop/ENEL373 Digital Electronics and Devices/CalculatorProject/CalculatorProject/CalculatorProject.srcs/sources_1/new/TriBuffer28.vhd} w ]
add_files {{C:/Users/ADAM/Desktop/ENEL373 Digital Electronics and Devices/CalculatorProject/CalculatorProject/CalculatorProject.srcs/sources_1/new/TriBuffer28.vhd}}
update_compile_order -fileset sources_1
update_compile_order -fileset sources_1
update_compile_order -fileset sources_1
reset_run synth_1
launch_runs synth_1 -jobs 4
wait_on_run synth_1
reset_run synth_1
launch_runs synth_1 -jobs 4
wait_on_run synth_1
update_compile_order -fileset sources_1
update_compile_order -fileset sources_1
reset_run synth_1
launch_runs synth_1 -jobs 4
wait_on_run synth_1
launch_runs impl_1 -jobs 4
wait_on_run impl_1
close [ open {C:/Users/ADAM/Desktop/ENEL373 Digital Electronics and Devices/CalculatorProject/CalculatorProject/CalculatorProject.srcs/sources_1/new/Segment7Handler.vhd} w ]
add_files {{C:/Users/ADAM/Desktop/ENEL373 Digital Electronics and Devices/CalculatorProject/CalculatorProject/CalculatorProject.srcs/sources_1/new/Segment7Handler.vhd}}
update_compile_order -fileset sources_1
update_compile_order -fileset sources_1
update_compile_order -fileset sources_1
update_compile_order -fileset sources_1
update_compile_order -fileset sources_1
reset_run synth_1
launch_runs synth_1 -jobs 4
wait_on_run synth_1
launch_runs impl_1 -jobs 4
wait_on_run impl_1
reset_run synth_1
launch_runs impl_1 -to_step write_bitstream -jobs 4
wait_on_run impl_1
update_compile_order -fileset sources_1
reset_run synth_1
launch_runs impl_1 -to_step write_bitstream -jobs 4
wait_on_run impl_1
reset_run synth_1
launch_runs impl_1 -to_step write_bitstream -jobs 4
wait_on_run impl_1
open_run impl_1
reset_run synth_1
launch_runs impl_1 -jobs 4
wait_on_run impl_1
reset_run synth_1
launch_runs impl_1 -jobs 4
wait_on_run impl_1
open_run synth_1 -name synth_1
report_timing_summary -delay_type min_max -report_unconstrained -check_timing_verbose -max_paths 10 -input_pins -routable_nets -name timing_1
update_compile_order -fileset sources_1
reset_run synth_1
launch_runs synth_1 -jobs 4
wait_on_run synth_1
close_design
open_run synth_1 -name synth_1
report_timing_summary -delay_type min_max -report_unconstrained -check_timing_verbose -max_paths 10 -input_pins -routable_nets -name timing_1
close_design
close_design
launch_runs impl_1 -to_step write_bitstream -jobs 4
wait_on_run impl_1
reset_run synth_1
launch_runs synth_1 -jobs 4
wait_on_run synth_1
launch_runs impl_1 -jobs 4
wait_on_run impl_1
reset_run synth_1
launch_runs impl_1 -jobs 4
wait_on_run impl_1
